---
source: src/parser/mod.rs
expression: parsed
---
Node {
    ty: Program,
    text_range: 0..85,
    children: [
        Node {
            ty: Identifier,
            text_range: 8..11,
            children: [],
        },
        Node {
            ty: Compound,
            text_range: 12..85,
            children: [
                Node {
                    ty: FunctionDecl,
                    text_range: 18..81,
                    children: [
                        Node {
                            ty: Identifier,
                            text_range: 28..31,
                            children: [],
                        },
                        Node {
                            ty: FunctionDeclArgs,
                            text_range: 32..44,
                            children: [
                                Node {
                                    ty: Identifier,
                                    text_range: 36..37,
                                    children: [],
                                },
                                Node {
                                    ty: Type(
                                        Integer,
                                    ),
                                    text_range: 40..43,
                                    children: [],
                                },
                            ],
                        },
                        Node {
                            ty: FunctionDeclArgs,
                            text_range: 45..56,
                            children: [
                                Node {
                                    ty: Identifier,
                                    text_range: 49..50,
                                    children: [],
                                },
                                Node {
                                    ty: Type(
                                        Str,
                                    ),
                                    text_range: 53..56,
                                    children: [],
                                },
                            ],
                        },
                        Node {
                            ty: Compound,
                            text_range: 58..81,
                            children: [
                                Node {
                                    ty: Return,
                                    text_range: 64..77,
                                    children: [
                                        Node {
                                            ty: Expr,
                                            text_range: 71..76,
                                            children: [
                                                Node {
                                                    ty: Term,
                                                    text_range: 71..76,
                                                    children: [
                                                        Node {
                                                            ty: Factor,
                                                            text_range: 71..76,
                                                            children: [
                                                                Node {
                                                                    ty: Product,
                                                                    text_range: 71..72,
                                                                    children: [
                                                                        Node {
                                                                            ty: Unit,
                                                                            text_range: 71..72,
                                                                            children: [
                                                                                Node {
                                                                                    ty: Identifier,
                                                                                    text_range: 71..72,
                                                                                    children: [],
                                                                                },
                                                                            ],
                                                                        },
                                                                    ],
                                                                },
                                                                Node {
                                                                    ty: Plus,
                                                                    text_range: 73..76,
                                                                    children: [
                                                                        Node {
                                                                            ty: Product,
                                                                            text_range: 75..76,
                                                                            children: [
                                                                                Node {
                                                                                    ty: Unit,
                                                                                    text_range: 75..76,
                                                                                    children: [
                                                                                        Node {
                                                                                            ty: Identifier,
                                                                                            text_range: 75..76,
                                                                                            children: [],
                                                                                        },
                                                                                    ],
                                                                                },
                                                                            ],
                                                                        },
                                                                    ],
                                                                },
                                                            ],
                                                        },
                                                    ],
                                                },
                                            ],
                                        },
                                    ],
                                },
                            ],
                        },
                    ],
                },
            ],
        },
    ],
}
