---
source: src/parser/mod.rs
expression: parsed
---
Node {
    ty: Program,
    text_range: 0..68,
    children: [
        Node {
            ty: Identifier,
            text_range: 8..11,
            children: [],
        },
        Node {
            ty: Compound,
            text_range: 12..68,
            children: [
                Node {
                    ty: FunctionDecl,
                    text_range: 18..64,
                    children: [
                        Node {
                            ty: Identifier,
                            text_range: 28..30,
                            children: [],
                        },
                        Node {
                            ty: FunctionDeclArgs,
                            text_range: 31..43,
                            children: [
                                Node {
                                    ty: Identifier,
                                    text_range: 35..36,
                                    children: [],
                                },
                                Node {
                                    ty: Type(
                                        Boolean,
                                    ),
                                    text_range: 39..43,
                                    children: [],
                                },
                            ],
                        },
                        Node {
                            ty: Compound,
                            text_range: 45..64,
                            children: [
                                Node {
                                    ty: Return,
                                    text_range: 51..60,
                                    children: [
                                        Node {
                                            ty: Expr,
                                            text_range: 58..59,
                                            children: [
                                                Node {
                                                    ty: Term,
                                                    text_range: 58..59,
                                                    children: [
                                                        Node {
                                                            ty: Factor,
                                                            text_range: 58..59,
                                                            children: [
                                                                Node {
                                                                    ty: Product,
                                                                    text_range: 58..59,
                                                                    children: [
                                                                        Node {
                                                                            ty: Unit,
                                                                            text_range: 58..59,
                                                                            children: [
                                                                                Node {
                                                                                    ty: Identifier,
                                                                                    text_range: 58..59,
                                                                                    children: [],
                                                                                },
                                                                            ],
                                                                        },
                                                                    ],
                                                                },
                                                            ],
                                                        },
                                                    ],
                                                },
                                            ],
                                        },
                                    ],
                                },
                            ],
                        },
                    ],
                },
            ],
        },
    ],
}
