---
source: src/ast/scope_resolution.rs
expression: "resolver.map(|r| determinize(r, &db, &sym))"
---
Ok(
    [
        (
            Node {
                ty: Identifier,
                text_range: 48..49,
                children: [],
            },
            Identifier(
                NodeId(
                    1,
                ),
            ),
            VariableRecord {
                id: IdentId(
                    0,
                ),
                text: "f",
                decl: FunctionDecl(
                    FunctionDecl(
                        NodeId(
                            19,
                        ),
                    ),
                ),
            },
        ),
        (
            Node {
                ty: Identifier,
                text_range: 54..55,
                children: [],
            },
            Identifier(
                NodeId(
                    2,
                ),
            ),
            VariableRecord {
                id: IdentId(
                    1,
                ),
                text: "x",
                decl: FunctionArg(
                    FunctionDeclArgs(
                        NodeId(
                            4,
                        ),
                    ),
                ),
            },
        ),
        (
            Node {
                ty: Identifier,
                text_range: 68..69,
                children: [],
            },
            Identifier(
                NodeId(
                    5,
                ),
            ),
            VariableRecord {
                id: IdentId(
                    2,
                ),
                text: "y",
                decl: FunctionArg(
                    FunctionDeclArgs(
                        NodeId(
                            7,
                        ),
                    ),
                ),
            },
        ),
        (
            Node {
                ty: Identifier,
                text_range: 103..104,
                children: [],
            },
            Identifier(
                NodeId(
                    8,
                ),
            ),
            VariableRecord {
                id: IdentId(
                    3,
                ),
                text: "z",
                decl: Decl(
                    Decl(
                        NodeId(
                            9,
                        ),
                    ),
                ),
            },
        ),
        (
            Node {
                ty: Identifier,
                text_range: 131..132,
                children: [],
            },
            Identifier(
                NodeId(
                    11,
                ),
            ),
            VariableRecord {
                id: IdentId(
                    3,
                ),
                text: "z",
                decl: Decl(
                    Decl(
                        NodeId(
                            9,
                        ),
                    ),
                ),
            },
        ),
        (
            Node {
                ty: Identifier,
                text_range: 126..127,
                children: [],
            },
            Identifier(
                NodeId(
                    10,
                ),
            ),
            VariableRecord {
                id: IdentId(
                    4,
                ),
                text: "k",
                decl: Decl(
                    Decl(
                        NodeId(
                            17,
                        ),
                    ),
                ),
            },
        ),
    ],
)
