---
source: src/ast/symbol.rs
expression: determinize(table)
---
[
    (
        ScopeId(
            0,
        ),
        Scope {
            parent: None,
            ty: NormalScope,
            variables: PartialSymbolTable {
                vars: [],
            },
        },
    ),
    (
        ScopeId(
            1,
        ),
        Scope {
            parent: Some(
                ScopeId(
                    0,
                ),
            ),
            ty: NormalScope,
            variables: PartialSymbolTable {
                vars: [
                    VariableRecord {
                        id: IdentId(
                            0,
                        ),
                        text: "x",
                        decl: Decl(
                            Decl(
                                NodeId(
                                    8,
                                ),
                            ),
                        ),
                    },
                ],
            },
        },
    ),
]
