---
source: src/parser.rs
expression: parsed
---
Ok(
    Program {
        id: Identifier(
            "x",
        ),
        compound: Compound {
            statements: [
                Decl(
                    Decl {
                        id: Identifier(
                            "c",
                        ),
                        expr: Some(
                            Expr {
                                head: Term {
                                    head: Factor {
                                        head: Product {
                                            head: Unit(
                                                Int(
                                                    0,
                                                ),
                                            ),
                                            tail: None,
                                        },
                                        tail: None,
                                    },
                                    tail: Some(
                                        TermPrime {
                                            op: LesserThan,
                                            rhs: Factor {
                                                head: Product {
                                                    head: Unit(
                                                        BracketedExpr(
                                                            Expr {
                                                                head: Term {
                                                                    head: Factor {
                                                                        head: Product {
                                                                            head: Unit(
                                                                                Identifier(
                                                                                    Identifier(
                                                                                        "c",
                                                                                    ),
                                                                                ),
                                                                            ),
                                                                            tail: None,
                                                                        },
                                                                        tail: None,
                                                                    },
                                                                    tail: Some(
                                                                        TermPrime {
                                                                            op: LesserThan,
                                                                            rhs: Factor {
                                                                                head: Product {
                                                                                    head: Unit(
                                                                                        Int(
                                                                                            1,
                                                                                        ),
                                                                                    ),
                                                                                    tail: None,
                                                                                },
                                                                                tail: None,
                                                                            },
                                                                            tail: None,
                                                                        },
                                                                    ),
                                                                },
                                                                tail: None,
                                                            },
                                                        ),
                                                    ),
                                                    tail: None,
                                                },
                                                tail: None,
                                            },
                                            tail: None,
                                        },
                                    ),
                                },
                                tail: None,
                            },
                        ),
                    },
                ),
            ],
        },
    },
)
