---
source: src/scanner.rs
expression: res
---
[
    Scanned {
        inner: Rest(
            "(x",
        ),
        line: 0,
    },
    Scanned {
        inner: Rest(
            "<=",
        ),
        line: 0,
    },
    Scanned {
        inner: Rest(
            ">",
        ),
        line: 0,
    },
    Scanned {
        inner: Rest(
            ">=",
        ),
        line: 0,
    },
    Scanned {
        inner: Rest(
            "<",
        ),
        line: 0,
    },
    Scanned {
        inner: Rest(
            "y",
        ),
        line: 0,
    },
    Scanned {
        inner: Rest(
            "99.88l8",
        ),
        line: 0,
    },
    Scanned {
        inner: Rest(
            ")",
        ),
        line: 0,
    },
]
