---
source: src/parser.rs
expression: parsed
---
Err(
    ExpectedFound(
        Identifier(
            "",
        ),
        RangedObject {
            inner: Literal(
                Integer(
                    99,
                ),
            ),
            range: 237..239,
        },
    ),
)
