---
source: src/parser.rs
expression: parsed
---
Ok(
    Program {
        id: Identifier(
            "fib",
        ),
        compound: Compound {
            statements: [
                FunctionDecl(
                    FunctionDecl {
                        id: Identifier(
                            "main",
                        ),
                        args: [],
                        inner: Compound {
                            statements: [
                                Return(
                                    Return {
                                        expr: Expr {
                                            head: Unit(
                                                Int(
                                                    1,
                                                ),
                                            ),
                                            tail: None,
                                        },
                                    },
                                ),
                            ],
                        },
                    },
                ),
            ],
        },
    },
)
