---
source: src/parser.rs
expression: parsed
---
Ok(
    Program {
        id: Identifier(
            "fib",
        ),
        compound: Compound {
            statements: [
                FunctionDecl(
                    FunctionDecl {
                        id: Identifier(
                            "sum",
                        ),
                        args: [
                            Identifier(
                                "x",
                            ),
                            Identifier(
                                "y",
                            ),
                        ],
                        inner: Compound {
                            statements: [
                                Return(
                                    Return {
                                        expr: Expr {
                                            head: Term {
                                                head: Factor {
                                                    head: Product {
                                                        head: Unit(
                                                            Identifier(
                                                                Identifier(
                                                                    "y",
                                                                ),
                                                            ),
                                                        ),
                                                        tail: None,
                                                    },
                                                    tail: None,
                                                },
                                                tail: None,
                                            },
                                            tail: None,
                                        },
                                    },
                                ),
                            ],
                        },
                    },
                ),
            ],
        },
    },
)
